---
source: tests/support/mod.rs
expression: captures
---
- name: keyword
  line: 1
  column: 1
  text: use
- name: type
  line: 1
  column: 5
  text: "Billing::Invoice"
- name: type
  line: 1
  column: 5
  text: Billing
- name: keyword
  line: 1
  column: 22
  text: as
- name: type
  line: 1
  column: 25
  text: Bill
- name: variable
  line: 3
  column: 1
  text: $billing_enabled
- name: type.builtin
  line: 3
  column: 19
  text: bool
- name: constant
  line: 4
  column: 1
  text: LATEST_INVOICE
- name: type
  line: 4
  column: 17
  text: Billing
- name: type
  line: 4
  column: 26
  text: Invoice
- name: punctuation.bracket
  line: 4
  column: 33
  text: "["
- name: type
  line: 4
  column: 34
  text: String
- name: punctuation.bracket
  line: 4
  column: 40
  text: "]"
- name: operator
  line: 4
  column: 41
  text: "?"
- name: keyword
  line: 6
  column: 1
  text: module
- name: type
  line: 6
  column: 8
  text: Billing
- name: constant
  line: 7
  column: 3
  text: DEFAULT_CURRENCY
- name: type
  line: 7
  column: 21
  text: String
- name: keyword.type
  line: 9
  column: 3
  text: type
- name: type
  line: 9
  column: 8
  text: status
- name: operator
  line: 9
  column: 15
  text: "="
- name: string.special.symbol
  line: 9
  column: 17
  text: ":draft"
- name: operator
  line: 9
  column: 24
  text: "|"
- name: string.special.symbol
  line: 9
  column: 26
  text: ":paid"
- name: operator
  line: 9
  column: 32
  text: "|"
- name: string.special.symbol
  line: 9
  column: 34
  text: ":void"
- name: keyword.type
  line: 10
  column: 3
  text: type
- name: type
  line: 10
  column: 8
  text: metadata
- name: operator
  line: 10
  column: 17
  text: "="
- name: punctuation.bracket
  line: 10
  column: 19
  text: "{"
- name: string.special.symbol
  line: 10
  column: 21
  text: id
- name: type
  line: 10
  column: 25
  text: Integer
- name: punctuation.delimiter
  line: 10
  column: 32
  text: ","
- name: string.special.symbol
  line: 10
  column: 34
  text: label
- name: type
  line: 10
  column: 41
  text: String
- name: operator
  line: 10
  column: 47
  text: "?"
- name: punctuation.delimiter
  line: 10
  column: 48
  text: ","
- name: string.special.symbol
  line: 10
  column: 50
  text: active
- name: type.builtin
  line: 10
  column: 58
  text: bool
- name: punctuation.bracket
  line: 10
  column: 63
  text: "}"
- name: keyword.type
  line: 11
  column: 3
  text: type
- name: type
  line: 11
  column: 8
  text: callback
- name: operator
  line: 11
  column: 17
  text: "="
- name: operator
  line: 11
  column: 19
  text: ^
- name: punctuation.bracket
  line: 11
  column: 20
  text: (
- name: type
  line: 11
  column: 21
  text: Integer
- name: punctuation.bracket
  line: 11
  column: 28
  text: )
- name: operator
  line: 11
  column: 30
  text: "->"
- name: type
  line: 11
  column: 33
  text: String
- name: keyword.type
  line: 12
  column: 3
  text: type
- name: type
  line: 12
  column: 8
  text: mode
- name: operator
  line: 12
  column: 13
  text: "="
- name: string
  line: 12
  column: 15
  text: "\"fast\""
- name: operator
  line: 12
  column: 22
  text: "|"
- name: string
  line: 12
  column: 24
  text: "\"slow\\n\""
- name: string.escape
  line: 12
  column: 29
  text: "\\n"
- name: operator
  line: 12
  column: 33
  text: "|"
- name: number
  line: 12
  column: 35
  text: "1"
- name: operator
  line: 12
  column: 37
  text: "|"
- name: boolean
  line: 12
  column: 39
  text: "true"
- name: operator
  line: 12
  column: 44
  text: "|"
- name: boolean
  line: 12
  column: 46
  text: "false"
- name: keyword.type
  line: 14
  column: 3
  text: interface
- name: type
  line: 14
  column: 13
  text: _Printable
- name: keyword
  line: 15
  column: 5
  text: def
- name: keyword.function
  line: 15
  column: 5
  text: def
- name: function.method
  line: 15
  column: 9
  text: render
- name: punctuation.bracket
  line: 15
  column: 17
  text: (
- name: punctuation.bracket
  line: 15
  column: 18
  text: )
- name: operator
  line: 15
  column: 20
  text: "->"
- name: type
  line: 15
  column: 23
  text: String
- name: keyword.type
  line: 16
  column: 3
  text: end
- name: keyword
  line: 16
  column: 3
  text: end
- name: keyword.type
  line: 18
  column: 3
  text: interface
- name: type
  line: 18
  column: 13
  text: _Source
- name: punctuation.bracket
  line: 18
  column: 20
  text: "["
- name: keyword
  line: 18
  column: 21
  text: out
- name: constant
  line: 18
  column: 25
  text: A
- name: punctuation.bracket
  line: 18
  column: 26
  text: "]"
- name: keyword
  line: 19
  column: 5
  text: def
- name: keyword.function
  line: 19
  column: 5
  text: def
- name: function.method
  line: 19
  column: 9
  text: get
- name: punctuation.bracket
  line: 19
  column: 14
  text: (
- name: punctuation.bracket
  line: 19
  column: 15
  text: )
- name: operator
  line: 19
  column: 17
  text: "->"
- name: type
  line: 19
  column: 20
  text: A
- name: keyword.type
  line: 20
  column: 3
  text: end
- name: keyword
  line: 20
  column: 3
  text: end
- name: keyword
  line: 22
  column: 3
  text: module
- name: type
  line: 22
  column: 10
  text: Trackable
- name: variable.member
  line: 23
  column: 5
  text: "@updated_at"
- name: type
  line: 23
  column: 18
  text: Time
- name: operator
  line: 23
  column: 22
  text: "?"
- name: keyword
  line: 24
  column: 5
  text: def
- name: keyword.function
  line: 24
  column: 5
  text: def
- name: function.method
  line: 24
  column: 9
  text: touch
- name: punctuation.bracket
  line: 24
  column: 16
  text: (
- name: punctuation.bracket
  line: 24
  column: 17
  text: )
- name: operator
  line: 24
  column: 19
  text: "->"
- name: type.builtin
  line: 24
  column: 22
  text: void
- name: keyword
  line: 25
  column: 3
  text: end
- name: keyword.type
  line: 27
  column: 3
  text: class
- name: type
  line: 27
  column: 9
  text: Invoice
- name: punctuation.bracket
  line: 27
  column: 16
  text: "["
- name: constant
  line: 27
  column: 17
  text: A
- name: punctuation.bracket
  line: 27
  column: 18
  text: "]"
- name: operator
  line: 27
  column: 20
  text: "<"
- name: type
  line: 27
  column: 22
  text: Object
- name: function.method
  line: 28
  column: 5
  text: include
- name: type
  line: 28
  column: 13
  text: Trackable
- name: variable.member
  line: 30
  column: 5
  text: "@memo"
- name: type
  line: 30
  column: 12
  text: String
- name: operator
  line: 30
  column: 18
  text: "?"
- name: variable.member
  line: 31
  column: 5
  text: "@@count"
- name: type
  line: 31
  column: 14
  text: Integer
- name: keyword
  line: 33
  column: 5
  text: attr_reader
- name: function.method
  line: 33
  column: 17
  text: items
- name: type
  line: 33
  column: 24
  text: Array
- name: punctuation.bracket
  line: 33
  column: 29
  text: "["
- name: type
  line: 33
  column: 30
  text: A
- name: punctuation.bracket
  line: 33
  column: 31
  text: "]"
- name: keyword
  line: 34
  column: 5
  text: attr_writer
- name: function.method
  line: 34
  column: 17
  text: memo
- name: type
  line: 34
  column: 23
  text: String
- name: operator
  line: 34
  column: 29
  text: "?"
- name: keyword
  line: 35
  column: 5
  text: attr_accessor
- name: function.method
  line: 35
  column: 19
  text: owner
- name: type
  line: 35
  column: 26
  text: String
- name: keyword
  line: 37
  column: 5
  text: def
- name: keyword.function
  line: 37
  column: 5
  text: def
- name: variable.builtin
  line: 37
  column: 9
  text: self
- name: punctuation.delimiter
  line: 37
  column: 13
  text: "."
- name: function.method
  line: 37
  column: 14
  text: build
- name: punctuation.bracket
  line: 37
  column: 21
  text: "["
- name: constant
  line: 37
  column: 22
  text: T
- name: punctuation.bracket
  line: 37
  column: 23
  text: "]"
- name: punctuation.bracket
  line: 37
  column: 25
  text: (
- name: type
  line: 37
  column: 26
  text: T
- name: variable.parameter
  line: 37
  column: 28
  text: value
- name: punctuation.bracket
  line: 37
  column: 33
  text: )
- name: operator
  line: 37
  column: 35
  text: "->"
- name: type
  line: 37
  column: 38
  text: Invoice
- name: punctuation.bracket
  line: 37
  column: 45
  text: "["
- name: type
  line: 37
  column: 46
  text: T
- name: punctuation.bracket
  line: 37
  column: 47
  text: "]"
- name: keyword
  line: 38
  column: 5
  text: def
- name: keyword.function
  line: 38
  column: 5
  text: def
- name: function.method
  line: 38
  column: 9
  text: initialize
- name: punctuation.bracket
  line: 38
  column: 21
  text: (
- name: type
  line: 38
  column: 22
  text: Array
- name: punctuation.bracket
  line: 38
  column: 27
  text: "["
- name: type
  line: 38
  column: 28
  text: A
- name: punctuation.bracket
  line: 38
  column: 29
  text: "]"
- name: variable.parameter
  line: 38
  column: 31
  text: items
- name: punctuation.delimiter
  line: 38
  column: 36
  text: ","
- name: variable.parameter
  line: 38
  column: 38
  text: owner
- name: type
  line: 38
  column: 45
  text: String
- name: punctuation.bracket
  line: 38
  column: 51
  text: )
- name: operator
  line: 38
  column: 53
  text: "->"
- name: type.builtin
  line: 38
  column: 56
  text: void
- name: keyword
  line: 39
  column: 5
  text: def
- name: keyword.function
  line: 39
  column: 5
  text: def
- name: function.method
  line: 39
  column: 9
  text: render
- name: punctuation.bracket
  line: 39
  column: 17
  text: (
- name: punctuation.bracket
  line: 39
  column: 18
  text: )
- name: operator
  line: 39
  column: 20
  text: "->"
- name: type
  line: 39
  column: 23
  text: String
- name: keyword
  line: 40
  column: 5
  text: alias
- name: function
  line: 40
  column: 11
  text: formatted
- name: function
  line: 40
  column: 21
  text: render
- name: keyword
  line: 42
  column: 5
  text: def
- name: keyword.function
  line: 42
  column: 5
  text: def
- name: function.method
  line: 42
  column: 9
  text: ready?
- name: operator
  line: 42
  column: 14
  text: "?"
- name: punctuation.bracket
  line: 42
  column: 17
  text: (
- name: punctuation.bracket
  line: 42
  column: 18
  text: )
- name: operator
  line: 42
  column: 20
  text: "->"
- name: type.builtin
  line: 42
  column: 23
  text: bool
- name: keyword
  line: 43
  column: 5
  text: def
- name: keyword.function
  line: 43
  column: 5
  text: def
- name: function.method
  line: 43
  column: 9
  text: reset
- name: punctuation.bracket
  line: 43
  column: 16
  text: (
- name: punctuation.bracket
  line: 43
  column: 17
  text: )
- name: operator
  line: 43
  column: 19
  text: "->"
- name: type.builtin
  line: 43
  column: 22
  text: void
- name: keyword
  line: 44
  column: 5
  text: def
- name: keyword.function
  line: 44
  column: 5
  text: def
- name: function.method
  line: 44
  column: 9
  text: "[]"
- name: punctuation.bracket
  line: 44
  column: 13
  text: (
- name: type
  line: 44
  column: 14
  text: Integer
- name: variable.parameter
  line: 44
  column: 22
  text: index
- name: punctuation.bracket
  line: 44
  column: 27
  text: )
- name: operator
  line: 44
  column: 29
  text: "->"
- name: type
  line: 44
  column: 32
  text: A
- name: operator
  line: 44
  column: 33
  text: "?"
- name: keyword
  line: 45
  column: 5
  text: def
- name: keyword.function
  line: 45
  column: 5
  text: def
- name: function.method
  line: 45
  column: 9
  text: amount=
- name: operator
  line: 45
  column: 15
  text: "="
- name: punctuation.bracket
  line: 45
  column: 18
  text: (
- name: type
  line: 45
  column: 19
  text: Integer
- name: variable.parameter
  line: 45
  column: 27
  text: value
- name: punctuation.bracket
  line: 45
  column: 32
  text: )
- name: operator
  line: 45
  column: 34
  text: "->"
- name: type
  line: 45
  column: 37
  text: Integer
- name: keyword
  line: 46
  column: 5
  text: def
- name: keyword.function
  line: 46
  column: 5
  text: def
- name: function.method
  line: 46
  column: 9
  text: +
- name: punctuation.bracket
  line: 46
  column: 12
  text: (
- name: type
  line: 46
  column: 13
  text: Invoice
- name: punctuation.bracket
  line: 46
  column: 20
  text: "["
- name: type
  line: 46
  column: 21
  text: A
- name: punctuation.bracket
  line: 46
  column: 22
  text: "]"
- name: variable.parameter
  line: 46
  column: 24
  text: other
- name: punctuation.bracket
  line: 46
  column: 29
  text: )
- name: operator
  line: 46
  column: 31
  text: "->"
- name: type
  line: 46
  column: 34
  text: Invoice
- name: punctuation.bracket
  line: 46
  column: 41
  text: "["
- name: type
  line: 46
  column: 42
  text: A
- name: punctuation.bracket
  line: 46
  column: 43
  text: "]"
- name: keyword
  line: 47
  column: 5
  text: def
- name: keyword.function
  line: 47
  column: 5
  text: def
- name: function.method
  line: 47
  column: 9
  text: each
- name: punctuation.bracket
  line: 47
  column: 15
  text: (
- name: punctuation.bracket
  line: 47
  column: 16
  text: )
- name: punctuation.bracket
  line: 47
  column: 18
  text: "{"
- name: punctuation.bracket
  line: 47
  column: 20
  text: (
- name: type
  line: 47
  column: 21
  text: A
- name: punctuation.bracket
  line: 47
  column: 22
  text: )
- name: operator
  line: 47
  column: 24
  text: "->"
- name: type.builtin
  line: 47
  column: 27
  text: void
- name: punctuation.bracket
  line: 47
  column: 32
  text: "}"
- name: operator
  line: 47
  column: 34
  text: "->"
- name: type.builtin
  line: 47
  column: 37
  text: self
- name: variable.builtin
  line: 47
  column: 37
  text: self
- name: keyword
  line: 49
  column: 5
  text: def
- name: keyword.function
  line: 49
  column: 5
  text: def
- name: function.method
  line: 49
  column: 9
  text: charge
- name: punctuation.bracket
  line: 49
  column: 17
  text: (
- name: type
  line: 49
  column: 18
  text: Integer
- name: variable.parameter
  line: 49
  column: 26
  text: amount
- name: punctuation.delimiter
  line: 49
  column: 32
  text: ","
- name: operator
  line: 49
  column: 34
  text: "?"
- name: type
  line: 49
  column: 35
  text: String
- name: variable.parameter
  line: 49
  column: 42
  text: note
- name: punctuation.delimiter
  line: 49
  column: 46
  text: ","
- name: operator
  line: 49
  column: 48
  text: "*"
- name: type
  line: 49
  column: 49
  text: String
- name: variable.parameter
  line: 49
  column: 56
  text: tags
- name: punctuation.delimiter
  line: 49
  column: 60
  text: ","
- name: variable.parameter
  line: 50
  column: 18
  text: currency
- name: type
  line: 50
  column: 28
  text: String
- name: punctuation.delimiter
  line: 50
  column: 34
  text: ","
- name: operator
  line: 50
  column: 36
  text: "?"
- name: variable.parameter
  line: 50
  column: 37
  text: retry
- name: type.builtin
  line: 50
  column: 44
  text: bool
- name: punctuation.delimiter
  line: 50
  column: 48
  text: ","
- name: operator
  line: 50
  column: 50
  text: "**"
- name: type.builtin
  line: 50
  column: 52
  text: untyped
- name: variable.parameter
  line: 50
  column: 60
  text: options
- name: punctuation.bracket
  line: 50
  column: 67
  text: )
- name: operator
  line: 51
  column: 18
  text: "?"
- name: punctuation.bracket
  line: 51
  column: 19
  text: "{"
- name: punctuation.bracket
  line: 51
  column: 21
  text: (
- name: type
  line: 51
  column: 22
  text: Integer
- name: punctuation.bracket
  line: 51
  column: 29
  text: )
- name: operator
  line: 51
  column: 31
  text: "->"
- name: type.builtin
  line: 51
  column: 34
  text: void
- name: punctuation.bracket
  line: 51
  column: 39
  text: "}"
- name: operator
  line: 51
  column: 41
  text: "->"
- name: type.builtin
  line: 51
  column: 44
  text: bool
- name: keyword.modifier
  line: 53
  column: 5
  text: private
- name: keyword
  line: 55
  column: 5
  text: def
- name: keyword.function
  line: 55
  column: 5
  text: def
- name: function.method
  line: 55
  column: 9
  text: normalize
- name: punctuation.bracket
  line: 55
  column: 20
  text: (
- name: type.builtin
  line: 55
  column: 21
  text: untyped
- name: variable.parameter
  line: 55
  column: 29
  text: value
- name: punctuation.bracket
  line: 55
  column: 34
  text: )
- name: operator
  line: 55
  column: 36
  text: "->"
- name: type
  line: 55
  column: 39
  text: String
- name: keyword.type
  line: 56
  column: 3
  text: end
- name: keyword
  line: 56
  column: 3
  text: end
- name: keyword
  line: 57
  column: 1
  text: end
